Archive member included to satisfy reference by file (symbol)

c:/st/stm32cubeide_1.7.0/stm32cubeide/plugins/com.st.stm32cube.ide.mcu.externaltools.gnu-tools-for-stm32.9-2020-q2-update.win32_2.0.0.202105311346/tools/bin/../lib/gcc/arm-none-eabi/9.3.1/../../../../arm-none-eabi/lib/thumb/v7-m/nofp\libc_nano.a(lib_a-errno.o)
                              ./Core/Src/syscalls.o (__errno)
c:/st/stm32cubeide_1.7.0/stm32cubeide/plugins/com.st.stm32cube.ide.mcu.externaltools.gnu-tools-for-stm32.9-2020-q2-update.win32_2.0.0.202105311346/tools/bin/../lib/gcc/arm-none-eabi/9.3.1/../../../../arm-none-eabi/lib/thumb/v7-m/nofp\libc_nano.a(lib_a-exit.o)
                              c:/st/stm32cubeide_1.7.0/stm32cubeide/plugins/com.st.stm32cube.ide.mcu.externaltools.gnu-tools-for-stm32.9-2020-q2-update.win32_2.0.0.202105311346/tools/bin/../lib/gcc/arm-none-eabi/9.3.1/../../../../arm-none-eabi/lib/thumb/v7-m/nofp/crt0.o (exit)
c:/st/stm32cubeide_1.7.0/stm32cubeide/plugins/com.st.stm32cube.ide.mcu.externaltools.gnu-tools-for-stm32.9-2020-q2-update.win32_2.0.0.202105311346/tools/bin/../lib/gcc/arm-none-eabi/9.3.1/../../../../arm-none-eabi/lib/thumb/v7-m/nofp\libc_nano.a(lib_a-impure.o)
                              c:/st/stm32cubeide_1.7.0/stm32cubeide/plugins/com.st.stm32cube.ide.mcu.externaltools.gnu-tools-for-stm32.9-2020-q2-update.win32_2.0.0.202105311346/tools/bin/../lib/gcc/arm-none-eabi/9.3.1/../../../../arm-none-eabi/lib/thumb/v7-m/nofp\libc_nano.a(lib_a-exit.o) (_global_impure_ptr)
c:/st/stm32cubeide_1.7.0/stm32cubeide/plugins/com.st.stm32cube.ide.mcu.externaltools.gnu-tools-for-stm32.9-2020-q2-update.win32_2.0.0.202105311346/tools/bin/../lib/gcc/arm-none-eabi/9.3.1/../../../../arm-none-eabi/lib/thumb/v7-m/nofp\libc_nano.a(lib_a-init.o)
                              c:/st/stm32cubeide_1.7.0/stm32cubeide/plugins/com.st.stm32cube.ide.mcu.externaltools.gnu-tools-for-stm32.9-2020-q2-update.win32_2.0.0.202105311346/tools/bin/../lib/gcc/arm-none-eabi/9.3.1/../../../../arm-none-eabi/lib/thumb/v7-m/nofp/crt0.o (__libc_init_array)
c:/st/stm32cubeide_1.7.0/stm32cubeide/plugins/com.st.stm32cube.ide.mcu.externaltools.gnu-tools-for-stm32.9-2020-q2-update.win32_2.0.0.202105311346/tools/bin/../lib/gcc/arm-none-eabi/9.3.1/../../../../arm-none-eabi/lib/thumb/v7-m/nofp\libc_nano.a(lib_a-memset.o)
                              c:/st/stm32cubeide_1.7.0/stm32cubeide/plugins/com.st.stm32cube.ide.mcu.externaltools.gnu-tools-for-stm32.9-2020-q2-update.win32_2.0.0.202105311346/tools/bin/../lib/gcc/arm-none-eabi/9.3.1/../../../../arm-none-eabi/lib/thumb/v7-m/nofp/crt0.o (memset)

Allocating common symbols
Common symbol       size              file

time_to_stop        0x4               ./Core/Src/fsm_mode0.o
uwTick              0x4               ./Drivers/STM32F1xx_HAL_Driver/Src/stm32f1xx_hal.o
pFlash              0x20              ./Drivers/STM32F1xx_HAL_Driver/Src/stm32f1xx_hal_flash.o
htim2               0x48              ./Core/Src/main.o

Discarded input sections

 .text          0x0000000000000000        0x0 c:/st/stm32cubeide_1.7.0/stm32cubeide/plugins/com.st.stm32cube.ide.mcu.externaltools.gnu-tools-for-stm32.9-2020-q2-update.win32_2.0.0.202105311346/tools/bin/../lib/gcc/arm-none-eabi/9.3.1/thumb/v7-m/nofp/crti.o
 .data          0x0000000000000000        0x0 c:/st/stm32cubeide_1.7.0/stm32cubeide/plugins/com.st.stm32cube.ide.mcu.externaltools.gnu-tools-for-stm32.9-2020-q2-update.win32_2.0.0.202105311346/tools/bin/../lib/gcc/arm-none-eabi/9.3.1/thumb/v7-m/nofp/crti.o
 .bss           0x0000000000000000        0x0 c:/st/stm32cubeide_1.7.0/stm32cubeide/plugins/com.st.stm32cube.ide.mcu.externaltools.gnu-tools-for-stm32.9-2020-q2-update.win32_2.0.0.202105311346/tools/bin/../lib/gcc/arm-none-eabi/9.3.1/thumb/v7-m/nofp/crti.o
 .data          0x0000000000000000        0x4 c:/st/stm32cubeide_1.7.0/stm32cubeide/plugins/com.st.stm32cube.ide.mcu.externaltools.gnu-tools-for-stm32.9-2020-q2-update.win32_2.0.0.202105311346/tools/bin/../lib/gcc/arm-none-eabi/9.3.1/thumb/v7-m/nofp/crtbegin.o
 .text          0x0000000000000000       0x7c c:/st/stm32cubeide_1.7.0/stm32cubeide/plugins/com.st.stm32cube.ide.mcu.externaltools.gnu-tools-for-stm32.9-2020-q2-update.win32_2.0.0.202105311346/tools/bin/../lib/gcc/arm-none-eabi/9.3.1/../../../../arm-none-eabi/lib/thumb/v7-m/nofp/crt0.o
 .data          0x0000000000000000        0x0 c:/st/stm32cubeide_1.7.0/stm32cubeide/plugins/com.st.stm32cube.ide.mcu.externaltools.gnu-tools-for-stm32.9-2020-q2-update.win32_2.0.0.202105311346/tools/bin/../lib/gcc/arm-none-eabi/9.3.1/../../../../arm-none-eabi/lib/thumb/v7-m/nofp/crt0.o
 .bss           0x0000000000000000        0x0 c:/st/stm32cubeide_1.7.0/stm32cubeide/plugins/com.st.stm32cube.ide.mcu.externaltools.gnu-tools-for-stm32.9-2020-q2-update.win32_2.0.0.202105311346/tools/bin/../lib/gcc/arm-none-eabi/9.3.1/../../../../arm-none-eabi/lib/thumb/v7-m/nofp/crt0.o
[...]
Memory Configuration

Name             Origin             Length             Attributes
RAM              0x0000000020000000 0x0000000000002800 xrw
FLASH            0x0000000008000000 0x0000000000008000 xr
*default*        0x0000000000000000 0xffffffffffffffff

Linker script and memory map

LOAD c:/st/stm32cubeide_1.7.0/stm32cubeide/plugins/com.st.stm32cube.ide.mcu.externaltools.gnu-tools-for-stm32.9-2020-q2-update.win32_2.0.0.202105311346/tools/bin/../lib/gcc/arm-none-eabi/9.3.1/thumb/v7-m/nofp/crti.o
LOAD c:/st/stm32cubeide_1.7.0/stm32cubeide/plugins/com.st.stm32cube.ide.mcu.externaltools.gnu-tools-for-stm32.9-2020-q2-update.win32_2.0.0.202105311346/tools/bin/../lib/gcc/arm-none-eabi/9.3.1/thumb/v7-m/nofp/crtbegin.o
LOAD c:/st/stm32cubeide_1.7.0/stm32cubeide/plugins/com.st.stm32cube.ide.mcu.externaltools.gnu-tools-for-stm32.9-2020-q2-update.win32_2.0.0.202105311346/tools/bin/../lib/gcc/arm-none-eabi/9.3.1/../../../../arm-none-eabi/lib/thumb/v7-m/nofp/crt0.o
LOAD ./Core/Src/Button.o
LOAD ./Core/Src/Button2.o
LOAD ./Core/Src/Button3.o
LOAD ./Core/Src/fsm_automatic.o
LOAD ./Core/Src/fsm_manual.o
LOAD ./Core/Src/fsm_mode0.o
LOAD ./Core/Src/global.o
LOAD ./Core/Src/led7segment.o
LOAD ./Core/Src/long_pressed.o
LOAD ./Core/Src/main.o
LOAD ./Core/Src/software_timer.o
LOAD ./Core/Src/software_timer3.o
LOAD ./Core/Src/stm32f1xx_hal_msp.o
LOAD ./Core/Src/stm32f1xx_it.o
LOAD ./Core/Src/syscalls.o
LOAD ./Core/Src/sysmem.o
LOAD ./Core/Src/system_stm32f1xx.o
LOAD ./Core/Src/traffic_light.o
LOAD ./Core/Src/traffic_light2.o
LOAD ./Core/Startup/startup_stm32f103c6ux.o
LOAD ./Drivers/STM32F1xx_HAL_Driver/Src/stm32f1xx_hal.o
LOAD ./Drivers/STM32F1xx_HAL_Driver/Src/stm32f1xx_hal_cortex.o
LOAD ./Drivers/STM32F1xx_HAL_Driver/Src/stm32f1xx_hal_dma.o
LOAD ./Drivers/STM32F1xx_HAL_Driver/Src/stm32f1xx_hal_exti.o
LOAD ./Drivers/STM32F1xx_HAL_Driver/Src/stm32f1xx_hal_flash.o
LOAD ./Drivers/STM32F1xx_HAL_Driver/Src/stm32f1xx_hal_flash_ex.o
LOAD ./Drivers/STM32F1xx_HAL_Driver/Src/stm32f1xx_hal_gpio.o
LOAD ./Drivers/STM32F1xx_HAL_Driver/Src/stm32f1xx_hal_gpio_ex.o
LOAD ./Drivers/STM32F1xx_HAL_Driver/Src/stm32f1xx_hal_pwr.o
LOAD ./Drivers/STM32F1xx_HAL_Driver/Src/stm32f1xx_hal_rcc.o
LOAD ./Drivers/STM32F1xx_HAL_Driver/Src/stm32f1xx_hal_rcc_ex.o
LOAD ./Drivers/STM32F1xx_HAL_Driver/Src/stm32f1xx_hal_tim.o
LOAD ./Drivers/STM32F1xx_HAL_Driver/Src/stm32f1xx_hal_tim_ex.o
START GROUP
LOAD c:/st/stm32cubeide_1.7.0/stm32cubeide/plugins/com.st.stm32cube.ide.mcu.externaltools.gnu-tools-for-stm32.9-2020-q2-update.win32_2.0.0.202105311346/tools/bin/../lib/gcc/arm-none-eabi/9.3.1/../../../../arm-none-eabi/lib/thumb/v7-m/nofp\libc_nano.a
LOAD c:/st/stm32cubeide_1.7.0/stm32cubeide/plugins/com.st.stm32cube.ide.mcu.externaltools.gnu-tools-for-stm32.9-2020-q2-update.win32_2.0.0.202105311346/tools/bin/../lib/gcc/arm-none-eabi/9.3.1/../../../../arm-none-eabi/lib/thumb/v7-m/nofp\libm.a
END GROUP
START GROUP
LOAD c:/st/stm32cubeide_1.7.0/stm32cubeide/plugins/com.st.stm32cube.ide.mcu.externaltools.gnu-tools-for-stm32.9-2020-q2-update.win32_2.0.0.202105311346/tools/bin/../lib/gcc/arm-none-eabi/9.3.1/thumb/v7-m/nofp\libgcc.a
LOAD c:/st/stm32cubeide_1.7.0/stm32cubeide/plugins/com.st.stm32cube.ide.mcu.externaltools.gnu-tools-for-stm32.9-2020-q2-update.win32_2.0.0.202105311346/tools/bin/../lib/gcc/arm-none-eabi/9.3.1/../../../../arm-none-eabi/lib/thumb/v7-m/nofp\libc_nano.a
END GROUP
START GROUP
LOAD c:/st/stm32cubeide_1.7.0/stm32cubeide/plugins/com.st.stm32cube.ide.mcu.externaltools.gnu-tools-for-stm32.9-2020-q2-update.win32_2.0.0.202105311346/tools/bin/../lib/gcc/arm-none-eabi/9.3.1/thumb/v7-m/nofp\libgcc.a
LOAD c:/st/stm32cubeide_1.7.0/stm32cubeide/plugins/com.st.stm32cube.ide.mcu.externaltools.gnu-tools-for-stm32.9-2020-q2-update.win32_2.0.0.202105311346/tools/bin/../lib/gcc/arm-none-eabi/9.3.1/../../../../arm-none-eabi/lib/thumb/v7-m/nofp\libc_nano.a
LOAD c:/st/stm32cubeide_1.7.0/stm32cubeide/plugins/com.st.stm32cube.ide.mcu.externaltools.gnu-tools-for-stm32.9-2020-q2-update.win32_2.0.0.202105311346/tools/bin/../lib/gcc/arm-none-eabi/9.3.1/../../../../arm-none-eabi/lib/thumb/v7-m/nofp\libnosys.a
END GROUP
START GROUP
LOAD c:/st/stm32cubeide_1.7.0/stm32cubeide/plugins/com.st.stm32cube.ide.mcu.externaltools.gnu-tools-for-stm32.9-2020-q2-update.win32_2.0.0.202105311346/tools/bin/../lib/gcc/arm-none-eabi/9.3.1/thumb/v7-m/nofp\libgcc.a
LOAD c:/st/stm32cubeide_1.7.0/stm32cubeide/plugins/com.st.stm32cube.ide.mcu.externaltools.gnu-tools-for-stm32.9-2020-q2-update.win32_2.0.0.202105311346/tools/bin/../lib/gcc/arm-none-eabi/9.3.1/../../../../arm-none-eabi/lib/thumb/v7-m/nofp\libc_nano.a
LOAD c:/st/stm32cubeide_1.7.0/stm32cubeide/plugins/com.st.stm32cube.ide.mcu.externaltools.gnu-tools-for-stm32.9-2020-q2-update.win32_2.0.0.202105311346/tools/bin/../lib/gcc/arm-none-eabi/9.3.1/../../../../arm-none-eabi/lib/thumb/v7-m/nofp\libnosys.a
END GROUP
LOAD c:/st/stm32cubeide_1.7.0/stm32cubeide/plugins/com.st.stm32cube.ide.mcu.externaltools.gnu-tools-for-stm32.9-2020-q2-update.win32_2.0.0.202105311346/tools/bin/../lib/gcc/arm-none-eabi/9.3.1/thumb/v7-m/nofp/crtend.o
LOAD c:/st/stm32cubeide_1.7.0/stm32cubeide/plugins/com.st.stm32cube.ide.mcu.externaltools.gnu-tools-for-stm32.9-2020-q2-update.win32_2.0.0.202105311346/tools/bin/../lib/gcc/arm-none-eabi/9.3.1/thumb/v7-m/nofp/crtn.o
                0x0000000020002800                _estack = (ORIGIN (RAM) + LENGTH (RAM))
                0x0000000000000200                _Min_Heap_Size = 0x200
                0x0000000000000400                _Min_Stack_Size = 0x400

.isr_vector     0x0000000008000000      0x10c
                0x0000000008000000                . = ALIGN (0x4)
 *(.isr_vector)
 .isr_vector    0x0000000008000000      0x10c ./Core/Startup/startup_stm32f103c6ux.o
                0x0000000008000000                g_pfnVectors
                0x000000000800010c                . = ALIGN (0x4)

.text           0x000000000800010c     0x2628
                0x000000000800010c                . = ALIGN (0x4)
 *(.text)
 .text          0x000000000800010c       0x40 c:/st/stm32cubeide_1.7.0/stm32cubeide/plugins/com.st.stm32cube.ide.mcu.externaltools.gnu-tools-for-stm32.9-2020-q2-update.win32_2.0.0.202105311346/tools/bin/../lib/gcc/arm-none-eabi/9.3.1/thumb/v7-m/nofp/crtbegin.o
 *(.text*)
 .text.isButton1Pressed
                0x000000000800014c       0x24 ./Core/Src/Button.o
                0x000000000800014c                isButton1Pressed
 .text.subKeyProcess
                0x0000000008000170       0x18 ./Core/Src/Button.o
                0x0000000008000170                subKeyProcess
 .text.getKeyInput1
                0x0000000008000188       0x9c ./Core/Src/Button.o
                0x0000000008000188                getKeyInput1
 .text.isButton2Pressed
                0x0000000008000224       0x24 ./Core/Src/Button2.o
                0x0000000008000224                isButton2Pressed
 .text.subKeyProcess2
                0x0000000008000248       0x18 ./Core/Src/Button2.o
                0x0000000008000248                subKeyProcess2
 .text.getKeyInput2
                0x0000000008000260       0xa4 ./Core/Src/Button2.o
                0x0000000008000260                getKeyInput2
 .text.isButton3Pressed
                0x0000000008000304       0x24 ./Core/Src/Button3.o
                0x0000000008000304                isButton3Pressed
 .text.subKeyProcess3
                0x0000000008000328       0x18 ./Core/Src/Button3.o
                0x0000000008000328                subKeyProcess3
 .text.getKeyInput3
                0x0000000008000340       0x9c ./Core/Src/Button3.o
                0x0000000008000340                getKeyInput3
 .text.fsm_Mode0_run
                0x00000000080003dc      0x2e0 ./Core/Src/fsm_mode0.o
                0x00000000080003dc                fsm_Mode0_run
 .text.display7SEG
                0x00000000080006bc      0x31c ./Core/Src/led7segment.o
                0x00000000080006bc                display7SEG
 .text.fsm_long_pressed_run
                0x00000000080009d8       0x60 ./Core/Src/long_pressed.o
                0x00000000080009d8                fsm_long_pressed_run
 .text.main     0x0000000008000a38      0x158 ./Core/Src/main.o
                0x0000000008000a38                main
 .text.HAL_TIM_PeriodElapsedCallback
                0x0000000008000b90       0x60 ./Core/Src/main.o
                0x0000000008000b90                HAL_TIM_PeriodElapsedCallback
 .text.SystemClock_Config
                0x0000000008000bf0       0x76 ./Core/Src/main.o
                0x0000000008000bf0                SystemClock_Config
 *fill*         0x0000000008000c66        0x2 
 .text.MX_TIM2_Init
                0x0000000008000c68       0x98 ./Core/Src/main.o
 .text.MX_GPIO_Init
                0x0000000008000d00       0xe4 ./Core/Src/main.o
 .text.Error_Handler
                0x0000000008000de4        0xa ./Core/Src/main.o
                0x0000000008000de4                Error_Handler
 *fill*         0x0000000008000dee        0x2 
 .text.setTimer1
                0x0000000008000df0       0x28 ./Core/Src/software_timer.o
                0x0000000008000df0                setTimer1
 .text.setTimer2
                0x0000000008000e18       0x28 ./Core/Src/software_timer.o
                0x0000000008000e18                setTimer2
 .text.timerRun1
                0x0000000008000e40       0x34 ./Core/Src/software_timer.o
                0x0000000008000e40                timerRun1
 .text.timerRun2
                0x0000000008000e74       0x34 ./Core/Src/software_timer.o
                0x0000000008000e74                timerRun2
 .text.setTimer3
                0x0000000008000ea8       0x28 ./Core/Src/software_timer3.o
                0x0000000008000ea8                setTimer3
 .text.timerRun3
                0x0000000008000ed0       0x34 ./Core/Src/software_timer3.o
                0x0000000008000ed0                timerRun3
 .text.setTimer4
                0x0000000008000f04       0x28 ./Core/Src/software_timer3.o
                0x0000000008000f04                setTimer4
 .text.timerRun4
                0x0000000008000f2c       0x34 ./Core/Src/software_timer3.o
                0x0000000008000f2c                timerRun4
 .text.HAL_MspInit
                0x0000000008000f60       0x64 ./Core/Src/stm32f1xx_hal_msp.o
                0x0000000008000f60                HAL_MspInit
 .text.HAL_TIM_Base_MspInit
                0x0000000008000fc4       0x48 ./Core/Src/stm32f1xx_hal_msp.o
                0x0000000008000fc4                HAL_TIM_Base_MspInit
 .text.NMI_Handler
                0x000000000800100c        0x6 ./Core/Src/stm32f1xx_it.o
                0x000000000800100c                NMI_Handler
 .text.HardFault_Handler
                0x0000000008001012        0x6 ./Core/Src/stm32f1xx_it.o
                0x0000000008001012                HardFault_Handler
 .text.MemManage_Handler
                0x0000000008001018        0x6 ./Core/Src/stm32f1xx_it.o
                0x0000000008001018                MemManage_Handler
 .text.BusFault_Handler
                0x000000000800101e        0x6 ./Core/Src/stm32f1xx_it.o
                0x000000000800101e                BusFault_Handler
 .text.UsageFault_Handler
                0x0000000008001024        0x6 ./Core/Src/stm32f1xx_it.o
                0x0000000008001024                UsageFault_Handler
 .text.SVC_Handler
                0x000000000800102a        0xc ./Core/Src/stm32f1xx_it.o
                0x000000000800102a                SVC_Handler
 .text.DebugMon_Handler
                0x0000000008001036        0xc ./Core/Src/stm32f1xx_it.o
                0x0000000008001036                DebugMon_Handler
 .text.PendSV_Handler
                0x0000000008001042        0xc ./Core/Src/stm32f1xx_it.o
                0x0000000008001042                PendSV_Handler
 .text.SysTick_Handler
                0x000000000800104e        0xc ./Core/Src/stm32f1xx_it.o
                0x000000000800104e                SysTick_Handler
 *fill*         0x000000000800105a        0x2 
 .text.TIM2_IRQHandler
                0x000000000800105c       0x14 ./Core/Src/stm32f1xx_it.o
                0x000000000800105c                TIM2_IRQHandler
 .text.SystemInit
                0x0000000008001070        0xc ./Core/Src/system_stm32f1xx.o
                0x0000000008001070                SystemInit
 .text.Reset_Handler
                0x000000000800107c       0x48 ./Core/Startup/startup_stm32f103c6ux.o
                0x000000000800107c                Reset_Handler
 .text.Default_Handler
                0x00000000080010c4        0x2 ./Core/Startup/startup_stm32f103c6ux.o
                0x00000000080010c4                RTC_Alarm_IRQHandler
                0x00000000080010c4                EXTI2_IRQHandler
                0x00000000080010c4                TIM1_CC_IRQHandler
                0x00000000080010c4                PVD_IRQHandler
                0x00000000080010c4                EXTI3_IRQHandler
                0x00000000080010c4                EXTI0_IRQHandler
                0x00000000080010c4                ADC1_2_IRQHandler
                0x00000000080010c4                SPI1_IRQHandler
                0x00000000080010c4                TAMPER_IRQHandler
                0x00000000080010c4                DMA1_Channel4_IRQHandler
                0x00000000080010c4                RTC_IRQHandler
                0x00000000080010c4                DMA1_Channel7_IRQHandler
                0x00000000080010c4                CAN1_RX1_IRQHandler
                0x00000000080010c4                I2C1_EV_IRQHandler
                0x00000000080010c4                DMA1_Channel6_IRQHandler
                0x00000000080010c4                TIM3_IRQHandler
                0x00000000080010c4                RCC_IRQHandler
                0x00000000080010c4                TIM1_TRG_COM_IRQHandler
                0x00000000080010c4                DMA1_Channel1_IRQHandler
                0x00000000080010c4                Default_Handler
                0x00000000080010c4                EXTI15_10_IRQHandler
                0x00000000080010c4                EXTI9_5_IRQHandler
                0x00000000080010c4                DMA1_Channel5_IRQHandler
                0x00000000080010c4                EXTI4_IRQHandler
                0x00000000080010c4                USB_LP_CAN1_RX0_IRQHandler
                0x00000000080010c4                USB_HP_CAN1_TX_IRQHandler
                0x00000000080010c4                DMA1_Channel3_IRQHandler
                0x00000000080010c4                TIM1_UP_IRQHandler
                0x00000000080010c4                WWDG_IRQHandler
                0x00000000080010c4                TIM1_BRK_IRQHandler
                0x00000000080010c4                EXTI1_IRQHandler
                0x00000000080010c4                USART2_IRQHandler
                0x00000000080010c4                DMA1_Channel2_IRQHandler
                0x00000000080010c4                CAN1_SCE_IRQHandler
                0x00000000080010c4                FLASH_IRQHandler
                0x00000000080010c4                USART1_IRQHandler
                0x00000000080010c4                I2C1_ER_IRQHandler
                0x00000000080010c4                USBWakeUp_IRQHandler
 *fill*         0x00000000080010c6        0x2 
 .text.HAL_Init
                0x00000000080010c8       0x2c ./Drivers/STM32F1xx_HAL_Driver/Src/stm32f1xx_hal.o
                0x00000000080010c8                HAL_Init
 .text.HAL_InitTick
                0x00000000080010f4       0x60 ./Drivers/STM32F1xx_HAL_Driver/Src/stm32f1xx_hal.o
                0x00000000080010f4                HAL_InitTick
 .text.HAL_IncTick
                0x0000000008001154       0x24 ./Drivers/STM32F1xx_HAL_Driver/Src/stm32f1xx_hal.o
                0x0000000008001154                HAL_IncTick
 .text.HAL_GetTick
                0x0000000008001178       0x14 ./Drivers/STM32F1xx_HAL_Driver/Src/stm32f1xx_hal.o
                0x0000000008001178                HAL_GetTick
 .text.__NVIC_SetPriorityGrouping
                0x000000000800118c       0x48 ./Drivers/STM32F1xx_HAL_Driver/Src/stm32f1xx_hal_cortex.o
 .text.__NVIC_GetPriorityGrouping
                0x00000000080011d4       0x1c ./Drivers/STM32F1xx_HAL_Driver/Src/stm32f1xx_hal_cortex.o
 .text.__NVIC_EnableIRQ
                0x00000000080011f0       0x38 ./Drivers/STM32F1xx_HAL_Driver/Src/stm32f1xx_hal_cortex.o
 .text.__NVIC_SetPriority
                0x0000000008001228       0x54 ./Drivers/STM32F1xx_HAL_Driver/Src/stm32f1xx_hal_cortex.o
 .text.NVIC_EncodePriority
                0x000000000800127c       0x64 ./Drivers/STM32F1xx_HAL_Driver/Src/stm32f1xx_hal_cortex.o
 .text.SysTick_Config
                0x00000000080012e0       0x44 ./Drivers/STM32F1xx_HAL_Driver/Src/stm32f1xx_hal_cortex.o
 .text.HAL_NVIC_SetPriorityGrouping
                0x0000000008001324       0x16 ./Drivers/STM32F1xx_HAL_Driver/Src/stm32f1xx_hal_cortex.o
                0x0000000008001324                HAL_NVIC_SetPriorityGrouping
 .text.HAL_NVIC_SetPriority
                0x000000000800133a       0x38 ./Drivers/STM32F1xx_HAL_Driver/Src/stm32f1xx_hal_cortex.o
                0x000000000800133a                HAL_NVIC_SetPriority
 .text.HAL_NVIC_EnableIRQ
                0x0000000008001372       0x1c ./Drivers/STM32F1xx_HAL_Driver/Src/stm32f1xx_hal_cortex.o
                0x0000000008001372                HAL_NVIC_EnableIRQ
 .text.HAL_SYSTICK_Config
                0x000000000800138e       0x18 ./Drivers/STM32F1xx_HAL_Driver/Src/stm32f1xx_hal_cortex.o
                0x000000000800138e                HAL_SYSTICK_Config
 *fill*         0x00000000080013a6        0x2 
 .text.HAL_GPIO_Init
                0x00000000080013a8      0x2f4 ./Drivers/STM32F1xx_HAL_Driver/Src/stm32f1xx_hal_gpio.o
                0x00000000080013a8                HAL_GPIO_Init
 .text.HAL_GPIO_ReadPin
                0x000000000800169c       0x2e ./Drivers/STM32F1xx_HAL_Driver/Src/stm32f1xx_hal_gpio.o
                0x000000000800169c                HAL_GPIO_ReadPin
 .text.HAL_GPIO_WritePin
                0x00000000080016ca       0x30 ./Drivers/STM32F1xx_HAL_Driver/Src/stm32f1xx_hal_gpio.o
                0x00000000080016ca                HAL_GPIO_WritePin
 .text.HAL_GPIO_TogglePin
                0x00000000080016fa       0x32 ./Drivers/STM32F1xx_HAL_Driver/Src/stm32f1xx_hal_gpio.o
                0x00000000080016fa                HAL_GPIO_TogglePin
 .text.HAL_RCC_OscConfig
                0x000000000800172c      0x500 ./Drivers/STM32F1xx_HAL_Driver/Src/stm32f1xx_hal_rcc.o
                0x000000000800172c                HAL_RCC_OscConfig
 .text.HAL_RCC_ClockConfig
                0x0000000008001c2c      0x1d4 ./Drivers/STM32F1xx_HAL_Driver/Src/stm32f1xx_hal_rcc.o
                0x0000000008001c2c                HAL_RCC_ClockConfig
 .text.HAL_RCC_GetSysClockFreq
                0x0000000008001e00       0xc0 ./Drivers/STM32F1xx_HAL_Driver/Src/stm32f1xx_hal_rcc.o
                0x0000000008001e00                HAL_RCC_GetSysClockFreq
 .text.RCC_Delay
                0x0000000008001ec0       0x3c ./Drivers/STM32F1xx_HAL_Driver/Src/stm32f1xx_hal_rcc.o
 .text.HAL_TIM_Base_Init
                0x0000000008001efc       0x9e ./Drivers/STM32F1xx_HAL_Driver/Src/stm32f1xx_hal_tim.o
                0x0000000008001efc                HAL_TIM_Base_Init
 *fill*         0x0000000008001f9a        0x2 
 .text.HAL_TIM_Base_Start_IT
                0x0000000008001f9c       0x98 ./Drivers/STM32F1xx_HAL_Driver/Src/stm32f1xx_hal_tim.o
                0x0000000008001f9c                HAL_TIM_Base_Start_IT
 .text.HAL_TIM_IRQHandler
                0x0000000008002034      0x210 ./Drivers/STM32F1xx_HAL_Driver/Src/stm32f1xx_hal_tim.o
                0x0000000008002034                HAL_TIM_IRQHandler
 .text.HAL_TIM_ConfigClockSource
                0x0000000008002244      0x188 ./Drivers/STM32F1xx_HAL_Driver/Src/stm32f1xx_hal_tim.o
                0x0000000008002244                HAL_TIM_ConfigClockSource
 .text.HAL_TIM_OC_DelayElapsedCallback
                0x00000000080023cc       0x12 ./Drivers/STM32F1xx_HAL_Driver/Src/stm32f1xx_hal_tim.o
                0x00000000080023cc                HAL_TIM_OC_DelayElapsedCallback
 .text.HAL_TIM_IC_CaptureCallback
                0x00000000080023de       0x12 ./Drivers/STM32F1xx_HAL_Driver/Src/stm32f1xx_hal_tim.o
                0x00000000080023de                HAL_TIM_IC_CaptureCallback
 .text.HAL_TIM_PWM_PulseFinishedCallback
                0x00000000080023f0       0x12 ./Drivers/STM32F1xx_HAL_Driver/Src/stm32f1xx_hal_tim.o
                0x00000000080023f0                HAL_TIM_PWM_PulseFinishedCallback
 .text.HAL_TIM_TriggerCallback
                0x0000000008002402       0x12 ./Drivers/STM32F1xx_HAL_Driver/Src/stm32f1xx_hal_tim.o
                0x0000000008002402                HAL_TIM_TriggerCallback
 .text.TIM_Base_SetConfig
                0x0000000008002414       0xb0 ./Drivers/STM32F1xx_HAL_Driver/Src/stm32f1xx_hal_tim.o
                0x0000000008002414                TIM_Base_SetConfig
 .text.TIM_TI1_ConfigInputStage
                0x00000000080024c4       0x5c ./Drivers/STM32F1xx_HAL_Driver/Src/stm32f1xx_hal_tim.o
 .text.TIM_TI2_ConfigInputStage
                0x0000000008002520       0x5e ./Drivers/STM32F1xx_HAL_Driver/Src/stm32f1xx_hal_tim.o
 .text.TIM_ITRx_SetConfig
                0x000000000800257e       0x34 ./Drivers/STM32F1xx_HAL_Driver/Src/stm32f1xx_hal_tim.o
 .text.TIM_ETR_SetConfig
                0x00000000080025b2       0x3e ./Drivers/STM32F1xx_HAL_Driver/Src/stm32f1xx_hal_tim.o
                0x00000000080025b2                TIM_ETR_SetConfig
 .text.HAL_TIMEx_MasterConfigSynchronization
                0x00000000080025f0       0xb0 ./Drivers/STM32F1xx_HAL_Driver/Src/stm32f1xx_hal_tim_ex.o
                0x00000000080025f0                HAL_TIMEx_MasterConfigSynchronization
 .text.HAL_TIMEx_CommutCallback
                0x00000000080026a0       0x12 ./Drivers/STM32F1xx_HAL_Driver/Src/stm32f1xx_hal_tim_ex.o
                0x00000000080026a0                HAL_TIMEx_CommutCallback
 .text.HAL_TIMEx_BreakCallback
                0x00000000080026b2       0x12 ./Drivers/STM32F1xx_HAL_Driver/Src/stm32f1xx_hal_tim_ex.o
                0x00000000080026b2                HAL_TIMEx_BreakCallback
 .text.__libc_init_array
                0x00000000080026c4       0x48 c:/st/stm32cubeide_1.7.0/stm32cubeide/plugins/com.st.stm32cube.ide.mcu.externaltools.gnu-tools-for-stm32.9-2020-q2-update.win32_2.0.0.202105311346/tools/bin/../lib/gcc/arm-none-eabi/9.3.1/../../../../arm-none-eabi/lib/thumb/v7-m/nofp\libc_nano.a(lib_a-init.o)
                0x00000000080026c4                __libc_init_array
 .text.memset   0x000000000800270c       0x10 c:/st/stm32cubeide_1.7.0/stm32cubeide/plugins/com.st.stm32cube.ide.mcu.externaltools.gnu-tools-for-stm32.9-2020-q2-update.win32_2.0.0.202105311346/tools/bin/../lib/gcc/arm-none-eabi/9.3.1/../../../../arm-none-eabi/lib/thumb/v7-m/nofp\libc_nano.a(lib_a-memset.o)
                0x000000000800270c                memset
 *(.glue_7)
 .glue_7        0x000000000800271c        0x0 linker stubs
 *(.glue_7t)
 .glue_7t       0x000000000800271c        0x0 linker stubs
 *(.eh_frame)
 .eh_frame      0x000000000800271c        0x0 c:/st/stm32cubeide_1.7.0/stm32cubeide/plugins/com.st.stm32cube.ide.mcu.externaltools.gnu-tools-for-stm32.9-2020-q2-update.win32_2.0.0.202105311346/tools/bin/../lib/gcc/arm-none-eabi/9.3.1/thumb/v7-m/nofp/crtbegin.o
 *(.init)
 .init          0x000000000800271c        0x4 c:/st/stm32cubeide_1.7.0/stm32cubeide/plugins/com.st.stm32cube.ide.mcu.externaltools.gnu-tools-for-stm32.9-2020-q2-update.win32_2.0.0.202105311346/tools/bin/../lib/gcc/arm-none-eabi/9.3.1/thumb/v7-m/nofp/crti.o
                0x000000000800271c                _init
 .init          0x0000000008002720        0x8 c:/st/stm32cubeide_1.7.0/stm32cubeide/plugins/com.st.stm32cube.ide.mcu.externaltools.gnu-tools-for-stm32.9-2020-q2-update.win32_2.0.0.202105311346/tools/bin/../lib/gcc/arm-none-eabi/9.3.1/thumb/v7-m/nofp/crtn.o
 *(.fini)
 .fini          0x0000000008002728        0x4 c:/st/stm32cubeide_1.7.0/stm32cubeide/plugins/com.st.stm32cube.ide.mcu.externaltools.gnu-tools-for-stm32.9-2020-q2-update.win32_2.0.0.202105311346/tools/bin/../lib/gcc/arm-none-eabi/9.3.1/thumb/v7-m/nofp/crti.o
                0x0000000008002728                _fini
 .fini          0x000000000800272c        0x8 c:/st/stm32cubeide_1.7.0/stm32cubeide/plugins/com.st.stm32cube.ide.mcu.externaltools.gnu-tools-for-stm32.9-2020-q2-update.win32_2.0.0.202105311346/tools/bin/../lib/gcc/arm-none-eabi/9.3.1/thumb/v7-m/nofp/crtn.o
                0x0000000008002734                . = ALIGN (0x4)
                0x0000000008002734                _etext = .

.vfp11_veneer   0x0000000008002734        0x0
 .vfp11_veneer  0x0000000008002734        0x0 linker stubs

.v4_bx          0x0000000008002734        0x0
 .v4_bx         0x0000000008002734        0x0 linker stubs

.iplt           0x0000000008002734        0x0
 .iplt          0x0000000008002734        0x0 c:/st/stm32cubeide_1.7.0/stm32cubeide/plugins/com.st.stm32cube.ide.mcu.externaltools.gnu-tools-for-stm32.9-2020-q2-update.win32_2.0.0.202105311346/tools/bin/../lib/gcc/arm-none-eabi/9.3.1/thumb/v7-m/nofp/crtbegin.o

.rodata         0x0000000008002734       0x20
                0x0000000008002734                . = ALIGN (0x4)
 *(.rodata)
 .rodata        0x0000000008002734       0x10 ./Drivers/STM32F1xx_HAL_Driver/Src/stm32f1xx_hal_rcc.o
 *(.rodata*)
 .rodata.AHBPrescTable
                0x0000000008002744       0x10 ./Core/Src/system_stm32f1xx.o
                0x0000000008002744                AHBPrescTable
                0x0000000008002754                . = ALIGN (0x4)

.rel.dyn        0x0000000008002754        0x0
 .rel.iplt      0x0000000008002754        0x0 c:/st/stm32cubeide_1.7.0/stm32cubeide/plugins/com.st.stm32cube.ide.mcu.externaltools.gnu-tools-for-stm32.9-2020-q2-update.win32_2.0.0.202105311346/tools/bin/../lib/gcc/arm-none-eabi/9.3.1/thumb/v7-m/nofp/crtbegin.o

.ARM.extab      0x0000000008002754        0x0
                0x0000000008002754                . = ALIGN (0x4)
 *(.ARM.extab* .gnu.linkonce.armextab.*)
                0x0000000008002754                . = ALIGN (0x4)

.ARM            0x0000000008002754        0x0
                0x0000000008002754                . = ALIGN (0x4)
                0x0000000008002754                __exidx_start = .
 *(.ARM.exidx*)
                0x0000000008002754                __exidx_end = .
                0x0000000008002754                . = ALIGN (0x4)

.preinit_array  0x0000000008002754        0x0
                0x0000000008002754                . = ALIGN (0x4)
                0x0000000008002754                PROVIDE (__preinit_array_start = .)
 *(.preinit_array*)
                0x0000000008002754                PROVIDE (__preinit_array_end = .)
                0x0000000008002754                . = ALIGN (0x4)

.init_array     0x0000000008002754        0x4
                0x0000000008002754                . = ALIGN (0x4)
                0x0000000008002754                PROVIDE (__init_array_start = .)
 *(SORT_BY_NAME(.init_array.*))
 *(.init_array*)
 .init_array    0x0000000008002754        0x4 c:/st/stm32cubeide_1.7.0/stm32cubeide/plugins/com.st.stm32cube.ide.mcu.externaltools.gnu-tools-for-stm32.9-2020-q2-update.win32_2.0.0.202105311346/tools/bin/../lib/gcc/arm-none-eabi/9.3.1/thumb/v7-m/nofp/crtbegin.o
                0x0000000008002758                PROVIDE (__init_array_end = .)
                0x0000000008002758                . = ALIGN (0x4)

.fini_array     0x0000000008002758        0x4
                0x0000000008002758                . = ALIGN (0x4)
                [!provide]                        PROVIDE (__fini_array_start = .)
 *(SORT_BY_NAME(.fini_array.*))
 *(.fini_array*)
 .fini_array    0x0000000008002758        0x4 c:/st/stm32cubeide_1.7.0/stm32cubeide/plugins/com.st.stm32cube.ide.mcu.externaltools.gnu-tools-for-stm32.9-2020-q2-update.win32_2.0.0.202105311346/tools/bin/../lib/gcc/arm-none-eabi/9.3.1/thumb/v7-m/nofp/crtbegin.o
                [!provide]                        PROVIDE (__fini_array_end = .)
                0x000000000800275c                . = ALIGN (0x4)
                0x000000000800275c                _sidata = LOADADDR (.data)

.data           0x0000000020000000       0x48 load address 0x000000000800275c
                0x0000000020000000                . = ALIGN (0x4)
                0x0000000020000000                _sdata = .
 *(.data)
 *(.data*)
 .data.KeyReg0  0x0000000020000000        0x4 ./Core/Src/Button.o
                0x0000000020000000                KeyReg0
 .data.KeyReg1  0x0000000020000004        0x4 ./Core/Src/Button.o
                0x0000000020000004                KeyReg1
 .data.KeyReg2  0x0000000020000008        0x4 ./Core/Src/Button.o
                0x0000000020000008                KeyReg2
 .data.KeyReg3  0x000000002000000c        0x4 ./Core/Src/Button.o
                0x000000002000000c                KeyReg3
 .data.TimeOutForKeyPress
                0x0000000020000010        0x4 ./Core/Src/Button.o
                0x0000000020000010                TimeOutForKeyPress
 .data.KeyReg00
                0x0000000020000014        0x4 ./Core/Src/Button2.o
                0x0000000020000014                KeyReg00
 .data.KeyReg01
                0x0000000020000018        0x4 ./Core/Src/Button2.o
                0x0000000020000018                KeyReg01
 .data.KeyReg02
                0x000000002000001c        0x4 ./Core/Src/Button2.o
                0x000000002000001c                KeyReg02
 .data.KeyReg03
                0x0000000020000020        0x4 ./Core/Src/Button2.o
                0x0000000020000020                KeyReg03
 .data.TimeOutForKeyPress2
                0x0000000020000024        0x4 ./Core/Src/Button2.o
                0x0000000020000024                TimeOutForKeyPress2
 .data.KeyReg000
                0x0000000020000028        0x4 ./Core/Src/Button3.o
                0x0000000020000028                KeyReg000
 .data.KeyReg001
                0x000000002000002c        0x4 ./Core/Src/Button3.o
                0x000000002000002c                KeyReg001
 .data.KeyReg002
                0x0000000020000030        0x4 ./Core/Src/Button3.o
                0x0000000020000030                KeyReg002
 .data.KeyReg003
                0x0000000020000034        0x4 ./Core/Src/Button3.o
                0x0000000020000034                KeyReg003
 .data.TimeOutForKeyPress3
                0x0000000020000038        0x4 ./Core/Src/Button3.o
                0x0000000020000038                TimeOutForKeyPress3
 .data.SystemCoreClock
                0x000000002000003c        0x4 ./Core/Src/system_stm32f1xx.o
                0x000000002000003c                SystemCoreClock
 .data.uwTickPrio
                0x0000000020000040        0x4 ./Drivers/STM32F1xx_HAL_Driver/Src/stm32f1xx_hal.o
                0x0000000020000040                uwTickPrio
 .data.uwTickFreq
                0x0000000020000044        0x1 ./Drivers/STM32F1xx_HAL_Driver/Src/stm32f1xx_hal.o
                0x0000000020000044                uwTickFreq
 *(.RamFunc)
 *(.RamFunc*)
                0x0000000020000048                . = ALIGN (0x4)
 *fill*         0x0000000020000045        0x3 
                0x0000000020000048                _edata = .

.igot.plt       0x0000000020000048        0x0 load address 0x00000000080027a4
 .igot.plt      0x0000000020000048        0x0 c:/st/stm32cubeide_1.7.0/stm32cubeide/plugins/com.st.stm32cube.ide.mcu.externaltools.gnu-tools-for-stm32.9-2020-q2-update.win32_2.0.0.202105311346/tools/bin/../lib/gcc/arm-none-eabi/9.3.1/thumb/v7-m/nofp/crtbegin.o
                0x0000000020000048                . = ALIGN (0x4)

.bss            0x0000000020000048       0xa8 load address 0x00000000080027a4
                0x0000000020000048                _sbss = .
                0x0000000020000048                __bss_start__ = _sbss
 *(.bss)
 .bss           0x0000000020000048       0x1c c:/st/stm32cubeide_1.7.0/stm32cubeide/plugins/com.st.stm32cube.ide.mcu.externaltools.gnu-tools-for-stm32.9-2020-q2-update.win32_2.0.0.202105311346/tools/bin/../lib/gcc/arm-none-eabi/9.3.1/thumb/v7-m/nofp/crtbegin.o
 *(.bss*)
 .bss.button1_flag
                0x0000000020000064        0x4 ./Core/Src/Button.o
                0x0000000020000064                button1_flag
 .bss.button2_flag
                0x0000000020000068        0x4 ./Core/Src/Button2.o
                0x0000000020000068                button2_flag
 .bss.button3_flag
                0x000000002000006c        0x4 ./Core/Src/Button3.o
                0x000000002000006c                button3_flag
 .bss.checker   0x0000000020000070        0x4 ./Core/Src/fsm_mode0.o
                0x0000000020000070                checker
 .bss.status2   0x0000000020000074        0x4 ./Core/Src/global.o
                0x0000000020000074                status2
 .bss.MODE      0x0000000020000078        0x4 ./Core/Src/global.o
                0x0000000020000078                MODE
 .bss.COUNTER   0x000000002000007c        0x4 ./Core/Src/global.o
                0x000000002000007c                COUNTER
 .bss.timer1_counter
                0x0000000020000080        0x4 ./Core/Src/software_timer.o
                0x0000000020000080                timer1_counter
 .bss.timer1_flag
                0x0000000020000084        0x4 ./Core/Src/software_timer.o
                0x0000000020000084                timer1_flag
 .bss.timer2_counter
                0x0000000020000088        0x4 ./Core/Src/software_timer.o
                0x0000000020000088                timer2_counter
 .bss.timer2_flag
                0x000000002000008c        0x4 ./Core/Src/software_timer.o
                0x000000002000008c                timer2_flag
 .bss.timer3_counter
                0x0000000020000090        0x4 ./Core/Src/software_timer3.o
                0x0000000020000090                timer3_counter
 .bss.timer3_flag
                0x0000000020000094        0x4 ./Core/Src/software_timer3.o
                0x0000000020000094                timer3_flag
 .bss.timer4_counter
                0x0000000020000098        0x4 ./Core/Src/software_timer3.o
                0x0000000020000098                timer4_counter
 .bss.timer4_flag
                0x000000002000009c        0x4 ./Core/Src/software_timer3.o
                0x000000002000009c                timer4_flag
 *(COMMON)
 COMMON         0x00000000200000a0        0x4 ./Core/Src/fsm_mode0.o
                0x00000000200000a0                time_to_stop
 COMMON         0x00000000200000a4       0x48 ./Core/Src/main.o
                0x00000000200000a4                htim2
 COMMON         0x00000000200000ec        0x4 ./Drivers/STM32F1xx_HAL_Driver/Src/stm32f1xx_hal.o
                0x00000000200000ec                uwTick
                0x00000000200000f0                . = ALIGN (0x4)
                0x00000000200000f0                _ebss = .
                0x00000000200000f0                __bss_end__ = _ebss

._user_heap_stack
                0x00000000200000f0      0x600 load address 0x00000000080027a4
                0x00000000200000f0                . = ALIGN (0x8)
                [!provide]                        PROVIDE (end = .)
                0x00000000200000f0                PROVIDE (_end = .)
                0x00000000200002f0                . = (. + _Min_Heap_Size)
 *fill*         0x00000000200000f0      0x200 
                0x00000000200006f0                . = (. + _Min_Stack_Size)
 *fill*         0x00000000200002f0      0x400 
                0x00000000200006f0                . = ALIGN (0x8)

/DISCARD/
 libc.a(*)
 libm.a(*)
 libgcc.a(*)

.ARM.attributes
                0x0000000000000000       0x29
 *(.ARM.attributes)
 .ARM.attributes
                0x0000000000000000       0x1d c:/st/stm32cubeide_1.7.0/stm32cubeide/plugins/com.st.stm32cube.ide.mcu.externaltools.gnu-tools-for-stm32.9-2020-q2-update.win32_2.0.0.202105311346/tools/bin/../lib/gcc/arm-none-eabi/9.3.1/thumb/v7-m/nofp/crti.o
 .ARM.attributes
                0x000000000000001d       0x2d c:/st/stm32cubeide_1.7.0/stm32cubeide/plugins/com.st.stm32cube.ide.mcu.externaltools.gnu-tools-for-stm32.9-2020-q2-update.win32_2.0.0.202105311346/tools/bin/../lib/gcc/arm-none-eabi/9.3.1/thumb/v7-m/nofp/crtbegin.o
 .ARM.attributes
                0x000000000000004a       0x2d ./Core/Src/Button.o
 .ARM.attributes
                0x0000000000000077       0x2d ./Core/Src/Button2.o
 .ARM.attributes
                0x00000000000000a4       0x2d ./Core/Src/Button3.o
 .ARM.attributes
                0x00000000000000d1       0x2d ./Core/Src/fsm_mode0.o
 .ARM.attributes
                0x00000000000000fe       0x33 ./Core/Src/global.o
 .ARM.attributes
                0x0000000000000131       0x2d ./Core/Src/led7segment.o
 .ARM.attributes
                0x000000000000015e       0x2d ./Core/Src/long_pressed.o
 .ARM.attributes
                0x000000000000018b       0x2d ./Core/Src/main.o
 .ARM.attributes
                0x00000000000001b8       0x2d ./Core/Src/software_timer.o
 .ARM.attributes
                0x00000000000001e5       0x2d ./Core/Src/software_timer3.o
 .ARM.attributes
                0x0000000000000212       0x2d ./Core/Src/stm32f1xx_hal_msp.o
 .ARM.attributes
                0x000000000000023f       0x2d ./Core/Src/stm32f1xx_it.o
 .ARM.attributes
                0x000000000000026c       0x2d ./Core/Src/system_stm32f1xx.o
 .ARM.attributes
                0x0000000000000299       0x21 ./Core/Startup/startup_stm32f103c6ux.o
 .ARM.attributes
                0x00000000000002ba       0x2d ./Drivers/STM32F1xx_HAL_Driver/Src/stm32f1xx_hal.o
 .ARM.attributes
                0x00000000000002e7       0x2d ./Drivers/STM32F1xx_HAL_Driver/Src/stm32f1xx_hal_cortex.o
 .ARM.attributes
                0x0000000000000314       0x2d ./Drivers/STM32F1xx_HAL_Driver/Src/stm32f1xx_hal_gpio.o
 .ARM.attributes
                0x0000000000000341       0x2d ./Drivers/STM32F1xx_HAL_Driver/Src/stm32f1xx_hal_rcc.o
 .ARM.attributes
                0x000000000000036e       0x2d ./Drivers/STM32F1xx_HAL_Driver/Src/stm32f1xx_hal_tim.o
 .ARM.attributes
                0x000000000000039b       0x2d ./Drivers/STM32F1xx_HAL_Driver/Src/stm32f1xx_hal_tim_ex.o
 .ARM.attributes
                0x00000000000003c8       0x2d c:/st/stm32cubeide_1.7.0/stm32cubeide/plugins/com.st.stm32cube.ide.mcu.externaltools.gnu-tools-for-stm32.9-2020-q2-update.win32_2.0.0.202105311346/tools/bin/../lib/gcc/arm-none-eabi/9.3.1/../../../../arm-none-eabi/lib/thumb/v7-m/nofp\libc_nano.a(lib_a-init.o)
 .ARM.attributes
                0x00000000000003f5       0x2d c:/st/stm32cubeide_1.7.0/stm32cubeide/plugins/com.st.stm32cube.ide.mcu.externaltools.gnu-tools-for-stm32.9-2020-q2-update.win32_2.0.0.202105311346/tools/bin/../lib/gcc/arm-none-eabi/9.3.1/../../../../arm-none-eabi/lib/thumb/v7-m/nofp\libc_nano.a(lib_a-memset.o)
 .ARM.attributes
                0x0000000000000422       0x1d c:/st/stm32cubeide_1.7.0/stm32cubeide/plugins/com.st.stm32cube.ide.mcu.externaltools.gnu-tools-for-stm32.9-2020-q2-update.win32_2.0.0.202105311346/tools/bin/../lib/gcc/arm-none-eabi/9.3.1/thumb/v7-m/nofp/crtn.o
OUTPUT(Midterm_MicroController_preparation.elf elf32-littlearm)
LOAD linker stubs
LOAD c:/st/stm32cubeide_1.7.0/stm32cubeide/plugins/com.st.stm32cube.ide.mcu.externaltools.gnu-tools-for-stm32.9-2020-q2-update.win32_2.0.0.202105311346/tools/bin/../lib/gcc/arm-none-eabi/9.3.1/../../../../arm-none-eabi/lib/thumb/v7-m/nofp\libc.a
LOAD c:/st/stm32cubeide_1.7.0/stm32cubeide/plugins/com.st.stm32cube.ide.mcu.externaltools.gnu-tools-for-stm32.9-2020-q2-update.win32_2.0.0.202105311346/tools/bin/../lib/gcc/arm-none-eabi/9.3.1/../../../../arm-none-eabi/lib/thumb/v7-m/nofp\libm.a
LOAD c:/st/stm32cubeide_1.7.0/stm32cubeide/plugins/com.st.stm32cube.ide.mcu.externaltools.gnu-tools-for-stm32.9-2020-q2-update.win32_2.0.0.202105311346/tools/bin/../lib/gcc/arm-none-eabi/9.3.1/thumb/v7-m/nofp\libgcc.a

.debug_info     0x0000000000000000     0x9bf0
 .debug_info    0x0000000000000000      0x2ed ./Core/Src/Button.o
 .debug_info    0x00000000000002ed      0x37d ./Core/Src/Button2.o
 .debug_info    0x000000000000066a      0x2db ./Core/Src/Button3.o
 .debug_info    0x0000000000000945      0x3dd ./Core/Src/fsm_mode0.o
 .debug_info    0x0000000000000d22      0x25c ./Core/Src/global.o
 .debug_info    0x0000000000000f7e      0x410 ./Core/Src/led7segment.o
 .debug_info    0x000000000000138e      0x2b4 ./Core/Src/long_pressed.o
 .debug_info    0x0000000000001642      0xced ./Core/Src/main.o
 .debug_info    0x000000000000232f      0x16d ./Core/Src/software_timer.o
 .debug_info    0x000000000000249c      0x109 ./Core/Src/software_timer3.o
 .debug_info    0x00000000000025a5      0xa04 ./Core/Src/stm32f1xx_hal_msp.o
 .debug_info    0x0000000000002fa9      0x7b4 ./Core/Src/stm32f1xx_it.o
 .debug_info    0x000000000000375d      0x2be ./Core/Src/system_stm32f1xx.o
 .debug_info    0x0000000000003a1b       0x22 ./Core/Startup/startup_stm32f103c6ux.o
 .debug_info    0x0000000000003a3d      0x74c ./Drivers/STM32F1xx_HAL_Driver/Src/stm32f1xx_hal.o
 .debug_info    0x0000000000004189      0xbbe ./Drivers/STM32F1xx_HAL_Driver/Src/stm32f1xx_hal_cortex.o
 .debug_info    0x0000000000004d47      0x701 ./Drivers/STM32F1xx_HAL_Driver/Src/stm32f1xx_hal_gpio.o
 .debug_info    0x0000000000005448      0x88e ./Drivers/STM32F1xx_HAL_Driver/Src/stm32f1xx_hal_rcc.o
 .debug_info    0x0000000000005cd6     0x2a45 ./Drivers/STM32F1xx_HAL_Driver/Src/stm32f1xx_hal_tim.o
 .debug_info    0x000000000000871b     0x14d5 ./Drivers/STM32F1xx_HAL_Driver/Src/stm32f1xx_hal_tim_ex.o

.debug_abbrev   0x0000000000000000     0x1eae
 .debug_abbrev  0x0000000000000000      0x14a ./Core/Src/Button.o
 .debug_abbrev  0x000000000000014a      0x14a ./Core/Src/Button2.o
 .debug_abbrev  0x0000000000000294      0x14a ./Core/Src/Button3.o
 .debug_abbrev  0x00000000000003de      0x10a ./Core/Src/fsm_mode0.o
 .debug_abbrev  0x00000000000004e8       0xa9 ./Core/Src/global.o
 .debug_abbrev  0x0000000000000591      0x17f ./Core/Src/led7segment.o
 .debug_abbrev  0x0000000000000710       0xf6 ./Core/Src/long_pressed.o
 .debug_abbrev  0x0000000000000806      0x29f ./Core/Src/main.o
 .debug_abbrev  0x0000000000000aa5       0xb6 ./Core/Src/software_timer.o
 .debug_abbrev  0x0000000000000b5b       0xa7 ./Core/Src/software_timer3.o
 .debug_abbrev  0x0000000000000c02      0x1b7 ./Core/Src/stm32f1xx_hal_msp.o
 .debug_abbrev  0x0000000000000db9      0x176 ./Core/Src/stm32f1xx_it.o
 .debug_abbrev  0x0000000000000f2f      0x14e ./Core/Src/system_stm32f1xx.o
 .debug_abbrev  0x000000000000107d       0x12 ./Core/Startup/startup_stm32f103c6ux.o
 .debug_abbrev  0x000000000000108f      0x1ed ./Drivers/STM32F1xx_HAL_Driver/Src/stm32f1xx_hal.o
 .debug_abbrev  0x000000000000127c      0x313 ./Drivers/STM32F1xx_HAL_Driver/Src/stm32f1xx_hal_cortex.o
 .debug_abbrev  0x000000000000158f      0x1e8 ./Drivers/STM32F1xx_HAL_Driver/Src/stm32f1xx_hal_gpio.o
 .debug_abbrev  0x0000000000001777      0x273 ./Drivers/STM32F1xx_HAL_Driver/Src/stm32f1xx_hal_rcc.o
 .debug_abbrev  0x00000000000019ea      0x25e ./Drivers/STM32F1xx_HAL_Driver/Src/stm32f1xx_hal_tim.o
 .debug_abbrev  0x0000000000001c48      0x266 ./Drivers/STM32F1xx_HAL_Driver/Src/stm32f1xx_hal_tim_ex.o

.debug_aranges  0x0000000000000000      0xad8
 .debug_aranges
                0x0000000000000000       0x30 ./Core/Src/Button.o
 .debug_aranges
                0x0000000000000030       0x30 ./Core/Src/Button2.o
 .debug_aranges
                0x0000000000000060       0x30 ./Core/Src/Button3.o
 .debug_aranges
                0x0000000000000090       0x20 ./Core/Src/fsm_mode0.o
 .debug_aranges
                0x00000000000000b0       0x18 ./Core/Src/global.o
 .debug_aranges
                0x00000000000000c8       0x38 ./Core/Src/led7segment.o
 .debug_aranges
                0x0000000000000100       0x20 ./Core/Src/long_pressed.o
 .debug_aranges
                0x0000000000000120       0x50 ./Core/Src/main.o
 .debug_aranges
                0x0000000000000170       0x48 ./Core/Src/software_timer.o
 .debug_aranges
                0x00000000000001b8       0x38 ./Core/Src/software_timer3.o
 .debug_aranges
                0x00000000000001f0       0x30 ./Core/Src/stm32f1xx_hal_msp.o
 .debug_aranges
                0x0000000000000220       0x68 ./Core/Src/stm32f1xx_it.o
 .debug_aranges
                0x0000000000000288       0x28 ./Core/Src/system_stm32f1xx.o
 .debug_aranges
                0x00000000000002b0       0x28 ./Core/Startup/startup_stm32f103c6ux.o
 .debug_aranges
                0x00000000000002d8       0xe0 ./Drivers/STM32F1xx_HAL_Driver/Src/stm32f1xx_hal.o
 .debug_aranges
                0x00000000000003b8      0x100 ./Drivers/STM32F1xx_HAL_Driver/Src/stm32f1xx_hal_cortex.o
 .debug_aranges
                0x00000000000004b8       0x58 ./Drivers/STM32F1xx_HAL_Driver/Src/stm32f1xx_hal_gpio.o
 .debug_aranges
                0x0000000000000510       0x90 ./Drivers/STM32F1xx_HAL_Driver/Src/stm32f1xx_hal_rcc.o
 .debug_aranges
                0x00000000000005a0      0x3d0 ./Drivers/STM32F1xx_HAL_Driver/Src/stm32f1xx_hal_tim.o
 .debug_aranges
                0x0000000000000970      0x168 ./Drivers/STM32F1xx_HAL_Driver/Src/stm32f1xx_hal_tim_ex.o

.debug_ranges   0x0000000000000000      0x998
 .debug_ranges  0x0000000000000000       0x20 ./Core/Src/Button.o
 .debug_ranges  0x0000000000000020       0x20 ./Core/Src/Button2.o
 .debug_ranges  0x0000000000000040       0x20 ./Core/Src/Button3.o
 .debug_ranges  0x0000000000000060       0x10 ./Core/Src/fsm_mode0.o
 .debug_ranges  0x0000000000000070       0x28 ./Core/Src/led7segment.o
 .debug_ranges  0x0000000000000098       0x10 ./Core/Src/long_pressed.o
 .debug_ranges  0x00000000000000a8       0x40 ./Core/Src/main.o
 .debug_ranges  0x00000000000000e8       0x38 ./Core/Src/software_timer.o
 .debug_ranges  0x0000000000000120       0x28 ./Core/Src/software_timer3.o
 .debug_ranges  0x0000000000000148       0x20 ./Core/Src/stm32f1xx_hal_msp.o
 .debug_ranges  0x0000000000000168       0x58 ./Core/Src/stm32f1xx_it.o
 .debug_ranges  0x00000000000001c0       0x18 ./Core/Src/system_stm32f1xx.o
 .debug_ranges  0x00000000000001d8       0x20 ./Core/Startup/startup_stm32f103c6ux.o
 .debug_ranges  0x00000000000001f8       0xd0 ./Drivers/STM32F1xx_HAL_Driver/Src/stm32f1xx_hal.o
 .debug_ranges  0x00000000000002c8       0xf0 ./Drivers/STM32F1xx_HAL_Driver/Src/stm32f1xx_hal_cortex.o
 .debug_ranges  0x00000000000003b8       0x48 ./Drivers/STM32F1xx_HAL_Driver/Src/stm32f1xx_hal_gpio.o
 .debug_ranges  0x0000000000000400       0x80 ./Drivers/STM32F1xx_HAL_Driver/Src/stm32f1xx_hal_rcc.o
 .debug_ranges  0x0000000000000480      0x3c0 ./Drivers/STM32F1xx_HAL_Driver/Src/stm32f1xx_hal_tim.o
 .debug_ranges  0x0000000000000840      0x158 ./Drivers/STM32F1xx_HAL_Driver/Src/stm32f1xx_hal_tim_ex.o

.debug_macro    0x0000000000000000    0x1719e
 .debug_macro   0x0000000000000000      0x1b6 ./Core/Src/Button.o
 .debug_macro   0x00000000000001b6      0xa9c ./Core/Src/Button.o
 .debug_macro   0x0000000000000c52      0x215 ./Core/Src/Button.o
 .debug_macro   0x0000000000000e67       0x2e ./Core/Src/Button.o
 .debug_macro   0x0000000000000e95       0x22 ./Core/Src/Button.o
 .debug_macro   0x0000000000000eb7       0x22 ./Core/Src/Button.o
 .debug_macro   0x0000000000000ed9       0x8e ./Core/Src/Button.o
 .debug_macro   0x0000000000000f67       0x51 ./Core/Src/Button.o
 .debug_macro   0x0000000000000fb8      0x103 ./Core/Src/Button.o
 .debug_macro   0x00000000000010bb       0x6a ./Core/Src/Button.o
 .debug_macro   0x0000000000001125      0x1df ./Core/Src/Button.o
 .debug_macro   0x0000000000001304       0x1c ./Core/Src/Button.o
 .debug_macro   0x0000000000001320       0x22 ./Core/Src/Button.o
 .debug_macro   0x0000000000001342       0xc3 ./Core/Src/Button.o
 .debug_macro   0x0000000000001405      0xd23 ./Core/Src/Button.o
 .debug_macro   0x0000000000002128     0xde75 ./Core/Src/Button.o
 .debug_macro   0x000000000000ff9d       0x6d ./Core/Src/Button.o
 .debug_macro   0x000000000001000a     0x3468 ./Core/Src/Button.o
 .debug_macro   0x0000000000013472      0x174 ./Core/Src/Button.o
 .debug_macro   0x00000000000135e6       0x5c ./Core/Src/Button.o
 .debug_macro   0x0000000000013642      0x5be ./Core/Src/Button.o
 .debug_macro   0x0000000000013c00      0x1b7 ./Core/Src/Button.o
 .debug_macro   0x0000000000013db7      0x1cb ./Core/Src/Button.o
 .debug_macro   0x0000000000013f82      0x114 ./Core/Src/Button.o
 .debug_macro   0x0000000000014096      0x1b2 ./Core/Src/Button.o
 .debug_macro   0x0000000000014248       0x27 ./Core/Src/Button.o
 .debug_macro   0x000000000001426f      0x12f ./Core/Src/Button.o
 .debug_macro   0x000000000001439e      0x1bc ./Core/Src/Button.o
 .debug_macro   0x000000000001455a       0x34 ./Core/Src/Button.o
 .debug_macro   0x000000000001458e       0x3c ./Core/Src/Button.o
 .debug_macro   0x00000000000145ca       0x57 ./Core/Src/Button.o
 .debug_macro   0x0000000000014621       0x88 ./Core/Src/Button.o
 .debug_macro   0x00000000000146a9      0x183 ./Core/Src/Button.o
 .debug_macro   0x000000000001482c      0x141 ./Core/Src/Button.o
 .debug_macro   0x000000000001496d      0x8d1 ./Core/Src/Button.o
 .debug_macro   0x000000000001523e       0x69 ./Core/Src/Button.o
 .debug_macro   0x00000000000152a7      0x16c ./Core/Src/Button.o
 .debug_macro   0x0000000000015413       0x10 ./Core/Src/Button.o
 .debug_macro   0x0000000000015423      0x1f0 ./Core/Src/Button2.o
 .debug_macro   0x0000000000015613       0x16 ./Core/Src/Button2.o
 .debug_macro   0x0000000000015629       0x40 ./Core/Src/Button2.o
 .debug_macro   0x0000000000015669       0x10 ./Core/Src/Button2.o
 .debug_macro   0x0000000000015679      0x1b6 ./Core/Src/Button3.o
 .debug_macro   0x000000000001582f       0x10 ./Core/Src/Button3.o
 .debug_macro   0x000000000001583f      0x1f1 ./Core/Src/fsm_mode0.o
 .debug_macro   0x0000000000015a30      0x1e7 ./Core/Src/global.o
 .debug_macro   0x0000000000015c17      0x1f1 ./Core/Src/led7segment.o
 .debug_macro   0x0000000000015e08      0x1e7 ./Core/Src/long_pressed.o
 .debug_macro   0x0000000000015fef      0x241 ./Core/Src/main.o
 .debug_macro   0x0000000000016230       0x16 ./Core/Src/main.o
 .debug_macro   0x0000000000016246       0x1b ./Core/Src/software_timer.o
 .debug_macro   0x0000000000016261       0x1b ./Core/Src/software_timer3.o
 .debug_macro   0x000000000001627c      0x1a7 ./Core/Src/stm32f1xx_hal_msp.o
 .debug_macro   0x0000000000016423      0x1b1 ./Core/Src/stm32f1xx_it.o
 .debug_macro   0x00000000000165d4      0x198 ./Core/Src/system_stm32f1xx.o
 .debug_macro   0x000000000001676c      0x1bc ./Drivers/STM32F1xx_HAL_Driver/Src/stm32f1xx_hal.o
 .debug_macro   0x0000000000016928      0x198 ./Drivers/STM32F1xx_HAL_Driver/Src/stm32f1xx_hal_cortex.o
 .debug_macro   0x0000000000016ac0      0x203 ./Drivers/STM32F1xx_HAL_Driver/Src/stm32f1xx_hal_gpio.o
 .debug_macro   0x0000000000016cc3      0x1aa ./Drivers/STM32F1xx_HAL_Driver/Src/stm32f1xx_hal_rcc.o
 .debug_macro   0x0000000000016e6d      0x199 ./Drivers/STM32F1xx_HAL_Driver/Src/stm32f1xx_hal_tim.o
 .debug_macro   0x0000000000017006      0x198 ./Drivers/STM32F1xx_HAL_Driver/Src/stm32f1xx_hal_tim_ex.o

.debug_line     0x0000000000000000     0xca30
 .debug_line    0x0000000000000000      0x6e1 ./Core/Src/Button.o
 .debug_line    0x00000000000006e1      0x73c ./Core/Src/Button2.o
 .debug_line    0x0000000000000e1d      0x6e3 ./Core/Src/Button3.o
 .debug_line    0x0000000000001500      0x8fb ./Core/Src/fsm_mode0.o
 .debug_line    0x0000000000001dfb      0x694 ./Core/Src/global.o
 .debug_line    0x000000000000248f      0x916 ./Core/Src/led7segment.o
 .debug_line    0x0000000000002da5      0x6d6 ./Core/Src/long_pressed.o
 .debug_line    0x000000000000347b      0x945 ./Core/Src/main.o
 .debug_line    0x0000000000003dc0      0x11d ./Core/Src/software_timer.o
 .debug_line    0x0000000000003edd       0xde ./Core/Src/software_timer3.o
 .debug_line    0x0000000000003fbb      0x6a1 ./Core/Src/stm32f1xx_hal_msp.o
 .debug_line    0x000000000000465c      0x73f ./Core/Src/stm32f1xx_it.o
 .debug_line    0x0000000000004d9b      0x6e3 ./Core/Src/system_stm32f1xx.o
 .debug_line    0x000000000000547e       0x87 ./Core/Startup/startup_stm32f103c6ux.o
 .debug_line    0x0000000000005505      0x910 ./Drivers/STM32F1xx_HAL_Driver/Src/stm32f1xx_hal.o
 .debug_line    0x0000000000005e15      0xaf8 ./Drivers/STM32F1xx_HAL_Driver/Src/stm32f1xx_hal_cortex.o
 .debug_line    0x000000000000690d      0x991 ./Drivers/STM32F1xx_HAL_Driver/Src/stm32f1xx_hal_gpio.o
 .debug_line    0x000000000000729e      0xd1e ./Drivers/STM32F1xx_HAL_Driver/Src/stm32f1xx_hal_rcc.o
 .debug_line    0x0000000000007fbc     0x326e ./Drivers/STM32F1xx_HAL_Driver/Src/stm32f1xx_hal_tim.o
 .debug_line    0x000000000000b22a     0x1806 ./Drivers/STM32F1xx_HAL_Driver/Src/stm32f1xx_hal_tim_ex.o

.debug_str      0x0000000000000000    0x82593
 .debug_str     0x0000000000000000    0x7f724 ./Core/Src/Button.o
                                      0x7fab8 (size before relaxing)
 .debug_str     0x000000000007f724      0x1d3 ./Core/Src/Button2.o
                                      0x7fc25 (size before relaxing)
 .debug_str     0x000000000007f8f7       0x9c ./Core/Src/Button3.o
                                      0x7fabe (size before relaxing)
 .debug_str     0x000000000007f993       0x59 ./Core/Src/fsm_mode0.o
                                      0x7fbcb (size before relaxing)
 .debug_str     0x000000000007f9ec       0x15 ./Core/Src/global.o
                                      0x7fb54 (size before relaxing)
 .debug_str     0x000000000007fa01       0xda ./Core/Src/led7segment.o
                                      0x7fc56 (size before relaxing)
 .debug_str     0x000000000007fadb       0x30 ./Core/Src/long_pressed.o
                                      0x7fb9a (size before relaxing)
 .debug_str     0x000000000007fb0b      0x746 ./Core/Src/main.o
                                      0x803f4 (size before relaxing)
 .debug_str     0x0000000000080251       0xa1 ./Core/Src/software_timer.o
                                       0x2e5f (size before relaxing)
 .debug_str     0x00000000000802f2       0x64 ./Core/Src/software_timer3.o
                                       0x2e43 (size before relaxing)
 .debug_str     0x0000000000080356      0x2ba ./Core/Src/stm32f1xx_hal_msp.o
                                      0x801c9 (size before relaxing)
 .debug_str     0x0000000000080610       0xcd ./Core/Src/stm32f1xx_it.o
                                      0x7ff2b (size before relaxing)
 .debug_str     0x00000000000806dd       0x52 ./Core/Src/system_stm32f1xx.o
                                      0x7f525 (size before relaxing)
 .debug_str     0x000000000008072f       0x36 ./Core/Startup/startup_stm32f103c6ux.o
                                         0x90 (size before relaxing)
 .debug_str     0x0000000000080765      0x304 ./Drivers/STM32F1xx_HAL_Driver/Src/stm32f1xx_hal.o
                                      0x7fb7c (size before relaxing)
 .debug_str     0x0000000000080a69      0x300 ./Drivers/STM32F1xx_HAL_Driver/Src/stm32f1xx_hal_cortex.o
                                      0x7fb84 (size before relaxing)
 .debug_str     0x0000000000080d69      0x31f ./Drivers/STM32F1xx_HAL_Driver/Src/stm32f1xx_hal_gpio.o
                                      0x7f8e9 (size before relaxing)
 .debug_str     0x0000000000081088      0x24f ./Drivers/STM32F1xx_HAL_Driver/Src/stm32f1xx_hal_rcc.o
                                      0x7f922 (size before relaxing)
 .debug_str     0x00000000000812d7      0xdce ./Drivers/STM32F1xx_HAL_Driver/Src/stm32f1xx_hal_tim.o
                                      0x808f4 (size before relaxing)
 .debug_str     0x00000000000820a5      0x4ee ./Drivers/STM32F1xx_HAL_Driver/Src/stm32f1xx_hal_tim_ex.o
                                      0x800a5 (size before relaxing)

.comment        0x0000000000000000       0x53
 .comment       0x0000000000000000       0x53 ./Core/Src/Button.o
                                         0x54 (size before relaxing)
 .comment       0x0000000000000053       0x54 ./Core/Src/Button2.o
 .comment       0x0000000000000053       0x54 ./Core/Src/Button3.o
 .comment       0x0000000000000053       0x54 ./Core/Src/fsm_mode0.o
 .comment       0x0000000000000053       0x54 ./Core/Src/global.o
 .comment       0x0000000000000053       0x54 ./Core/Src/led7segment.o
 .comment       0x0000000000000053       0x54 ./Core/Src/long_pressed.o
 .comment       0x0000000000000053       0x54 ./Core/Src/main.o
 .comment       0x0000000000000053       0x54 ./Core/Src/software_timer.o
 .comment       0x0000000000000053       0x54 ./Core/Src/software_timer3.o
 .comment       0x0000000000000053       0x54 ./Core/Src/stm32f1xx_hal_msp.o
 .comment       0x0000000000000053       0x54 ./Core/Src/stm32f1xx_it.o
 .comment       0x0000000000000053       0x54 ./Core/Src/system_stm32f1xx.o
 .comment       0x0000000000000053       0x54 ./Drivers/STM32F1xx_HAL_Driver/Src/stm32f1xx_hal.o
 .comment       0x0000000000000053       0x54 ./Drivers/STM32F1xx_HAL_Driver/Src/stm32f1xx_hal_cortex.o
 .comment       0x0000000000000053       0x54 ./Drivers/STM32F1xx_HAL_Driver/Src/stm32f1xx_hal_gpio.o
 .comment       0x0000000000000053       0x54 ./Drivers/STM32F1xx_HAL_Driver/Src/stm32f1xx_hal_rcc.o
 .comment       0x0000000000000053       0x54 ./Drivers/STM32F1xx_HAL_Driver/Src/stm32f1xx_hal_tim.o
 .comment       0x0000000000000053       0x54 ./Drivers/STM32F1xx_HAL_Driver/Src/stm32f1xx_hal_tim_ex.o

.debug_frame    0x0000000000000000     0x29c8
 .debug_frame   0x0000000000000000       0x6c ./Core/Src/Button.o
 .debug_frame   0x000000000000006c       0x6c ./Core/Src/Button2.o
 .debug_frame   0x00000000000000d8       0x6c ./Core/Src/Button3.o
 .debug_frame   0x0000000000000144       0x2c ./Core/Src/fsm_mode0.o
 .debug_frame   0x0000000000000170       0xa8 ./Core/Src/led7segment.o
 .debug_frame   0x0000000000000218       0x2c ./Core/Src/long_pressed.o
 .debug_frame   0x0000000000000244       0xfc ./Core/Src/main.o
 .debug_frame   0x0000000000000340       0xf0 ./Core/Src/software_timer.o
 .debug_frame   0x0000000000000430       0xa0 ./Core/Src/software_timer3.o
 .debug_frame   0x00000000000004d0       0x80 ./Core/Src/stm32f1xx_hal_msp.o
 .debug_frame   0x0000000000000550      0x120 ./Core/Src/stm32f1xx_it.o
 .debug_frame   0x0000000000000670       0x58 ./Core/Src/system_stm32f1xx.o
 .debug_frame   0x00000000000006c8      0x334 ./Drivers/STM32F1xx_HAL_Driver/Src/stm32f1xx_hal.o
 .debug_frame   0x00000000000009fc      0x428 ./Drivers/STM32F1xx_HAL_Driver/Src/stm32f1xx_hal_cortex.o
 .debug_frame   0x0000000000000e24      0x14c ./Drivers/STM32F1xx_HAL_Driver/Src/stm32f1xx_hal_gpio.o
 .debug_frame   0x0000000000000f70      0x21c ./Drivers/STM32F1xx_HAL_Driver/Src/stm32f1xx_hal_rcc.o
 .debug_frame   0x000000000000118c     0x11b8 ./Drivers/STM32F1xx_HAL_Driver/Src/stm32f1xx_hal_tim.o
 .debug_frame   0x0000000000002344      0x638 ./Drivers/STM32F1xx_HAL_Driver/Src/stm32f1xx_hal_tim_ex.o
 .debug_frame   0x000000000000297c       0x2c c:/st/stm32cubeide_1.7.0/stm32cubeide/plugins/com.st.stm32cube.ide.mcu.externaltools.gnu-tools-for-stm32.9-2020-q2-update.win32_2.0.0.202105311346/tools/bin/../lib/gcc/arm-none-eabi/9.3.1/../../../../arm-none-eabi/lib/thumb/v7-m/nofp\libc_nano.a(lib_a-init.o)
 .debug_frame   0x00000000000029a8       0x20 c:/st/stm32cubeide_1.7.0/stm32cubeide/plugins/com.st.stm32cube.ide.mcu.externaltools.gnu-tools-for-stm32.9-2020-q2-update.win32_2.0.0.202105311346/tools/bin/../lib/gcc/arm-none-eabi/9.3.1/../../../../arm-none-eabi/lib/thumb/v7-m/nofp\libc_nano.a(lib_a-memset.o)
